
PLAY [Deploy O-RAN SMO] ********************************************************

TASK [Gathering Facts] *********************************************************
[WARNING]: Timeout exceeded when getting mount info for /var/lib/kubelet/pods/41c0facf-2720-4549-adbd-0313a54da136/volumes/kubernetes.io~nfs/pvc-8fd119f0-a7e7-4d41-a24e-d575cabccd93
[WARNING]: Timeout exceeded when getting mount info for /var/lib/kubelet/pods/b8ba541c-e2bc-4132-ad39-2a86104aa0a9/volumes/kubernetes.io~nfs/pvc-c28e8c0d-fc08-4099-b524-e98b4f09c8cd
[WARNING]: Timeout exceeded when getting mount info for /var/lib/kubelet/pods/b08fe1b8-cc8d-4cb0-af2b-fb6346870d10/volumes/kubernetes.io~nfs/pvc-f439d398-b9bb-4fcb-bc85-4535542dfb53
[WARNING]: Timeout exceeded when getting mount info for /var/lib/kubelet/pods/1dd3a1f6-25d3-4c76-abd8-96ec1839cfde/volumes/kubernetes.io~nfs/pvc-0fffc82a-1238-4e7e-8f4f-132f26a8ac60
[WARNING]: Timeout exceeded when getting mount info for /var/lib/kubelet/pods/12393a0e-7b92-4129-82a4-33eb9fd61f1d/volumes/kubernetes.io~nfs/pvc-e27f324b-51b8-4b37-9e9b-4539d461e4dc
[WARNING]: Timeout exceeded when getting mount info for /var/lib/kubelet/pods/8ddf3f34-95d1-4c58-849e-497232f8078c/volumes/kubernetes.io~nfs/pvc-92f8eb19-af4f-4e4b-8ce7-312d3f965c17
[WARNING]: Timeout exceeded when getting mount info for /var/lib/kubelet/pods/2c500e20-70cf-40bd-bde0-30373dbe9717/volumes/kubernetes.io~nfs/pvc-aa581b0f-deb1-4cfb-8537-9de805338de5
[WARNING]: Timeout exceeded when getting mount info for /var/lib/kubelet/pods/2b385e56-edc4-4e5a-b345-688d99105f3d/volumes/kubernetes.io~nfs/pvc-2b272ff6-6512-4649-a728-84a62fafc286
ok: [smo-node-1]

TASK [smo_deploy : Include pre-flight checks] **********************************
included: /home/agnik/Desktop/deployoran/smo-install2/smo-install-ansible/roles/smo_deploy/tasks/preflight.yml for smo-node-1

TASK [smo_deploy : Check if running as root or with sudo] **********************
[WARNING]: Deprecation warnings can be disabled by setting `deprecation_warnings=False` in ansible.cfg.
[DEPRECATION WARNING]: INJECT_FACTS_AS_VARS default to `True` is deprecated, top-level facts will not be auto injected after the change. This feature will be removed from ansible-core version 2.24.
Origin: /home/agnik/Desktop/deployoran/smo-install2/smo-install-ansible/roles/smo_deploy/tasks/preflight.yml:7:9

5   fail:
6     msg: "This role must be run with root privileges or sudo"
7   when: ansible_user_uid != 0 and ansible_env.SUDO_USER is not defined
          ^ column 9

Use `ansible_facts["fact_name"]` (no `ansible_` prefix) instead.

skipping: [smo-node-1]

TASK [smo_deploy : Gather system facts] ****************************************
ok: [smo-node-1]

TASK [smo_deploy : Check CPU cores] ********************************************
[DEPRECATION WARNING]: INJECT_FACTS_AS_VARS default to `True` is deprecated, top-level facts will not be auto injected after the change. This feature will be removed from ansible-core version 2.24.
Origin: /home/agnik/Desktop/deployoran/smo-install2/smo-install-ansible/roles/smo_deploy/tasks/preflight.yml:20:9

18   fail:
19     msg: "Insufficient CPU cores. Required: {{ min_cpu_cores }}, Available: {{ ansible_processor_vcpus }}"
20   when: ansible_processor_vcpus < min_cpu_cores
           ^ column 9

Use `ansible_facts["fact_name"]` (no `ansible_` prefix) instead.

skipping: [smo-node-1]

TASK [smo_deploy : Check memory] ***********************************************
[DEPRECATION WARNING]: INJECT_FACTS_AS_VARS default to `True` is deprecated, top-level facts will not be auto injected after the change. This feature will be removed from ansible-core version 2.24.
Origin: /home/agnik/Desktop/deployoran/smo-install2/smo-install-ansible/roles/smo_deploy/tasks/preflight.yml:26:9

24   fail:
25     msg: "Insufficient memory. Required: {{ min_memory_gb }}GB, Available: {{ (ansible_memtotal_mb / 1024) | round...
26   when: (ansible_memtotal_mb / 1024) < min_memory_gb
           ^ column 9

Use `ansible_facts["fact_name"]` (no `ansible_` prefix) instead.

skipping: [smo-node-1]

TASK [smo_deploy : Check disk space] *******************************************
ok: [smo-node-1]

TASK [smo_deploy : Verify disk space] ******************************************
skipping: [smo-node-1]

TASK [smo_deploy : Install required packages] **********************************
